[supesutoken.wpcomstaging.com/index.html]
[backblue.gif]
[fade.gif]
[index.html]
[s.w.org/index.html]
[c0.wp.com/c/5.9.3/wp-admin/css/color-picker.min.css]
[secure.gravatar.com/index.html]
[supesutoken.wpcomstaging.com/wp-content/plugins/wp-live-chat-software-for-wordpress/plugin_files/css/livechat-icons2cb6.css]
[supesutoken.wpcomstaging.com/feed/index.html]
[supesutoken.wpcomstaging.com/comments/feed/index.html]
[c0.wp.com/c/5.9.3/wp-includes/css/dist/block-library/style.min.css]
[c0.wp.com/c/5.9.3/wp-includes/js/mediaelement/mediaelementplayer-legacy.min.css]
[c0.wp.com/c/5.9.3/wp-includes/js/mediaelement/wp-mediaelement.min.css]
[supesutoken.wpcomstaging.com/wp-content/plugins/contact-form-7/includes/css/styles5406.css]
[supesutoken.wpcomstaging.com/wp-content/plugins/farmfactory/assets/css/farmfactory9919.css]
[supesutoken.wpcomstaging.com/wp-content/themes/twentytwentyone/stylef957.css]
[supesutoken.wpcomstaging.com/wp-content/themes/twentytwentyone/assets/css/printf957.css]
[supesutoken.wpcomstaging.com/wp-content/plugins/jetpack/modules/theme-tools/compat/twentytwentyone1016.css]
[supesutoken.wpcomstaging.com/wp-content/themes/twentytwentyone/inc/style-wpcomf957.css]
[supesutoken.wpcomstaging.com/wp-content/plugins/elementor/assets/lib/font-awesome/css/font-awesome.min1849.css]
[supesutoken.wpcomstaging.com/wp-content/plugins/pt-plaxer-addons/assets/css/swiper268f.css]
[supesutoken.wpcomstaging.com/wp-content/plugins/pt-plaxer-addons/assets/css/photoswipe.css]
[supesutoken.wpcomstaging.com/wp-content/plugins/pt-plaxer-addons/assets/css/pt-addons7404.css]
[supesutoken.wpcomstaging.com/wp-content/plugins/jetpack/css/jetpack1016.css]
[code.jquery.com/jquery-1.12.4.minb8ff.js]
[cdnjs.cloudflare.com/ajax/libs/jquery-migrate/1.4.1/jquery-migrate.min330a.js]
[supesutoken.wpcomstaging.com/wp-content/plugins/pt-plaxer-addons/assets/js/zilla-likes7404.js]
[supesutoken.wpcomstaging.com/wp-content/plugins/jetpack/_inc/build/tiled-gallery/tiled-gallery/tiled-gallery.min7404.js]
[supesutoken.wpcomstaging.com/wp-content/plugins/jetpack/modules/videopress/js/videopress-token-bridge9055.js]
[supesutoken.wpcomstaging.com/xmlrpc0db0.php]
[supesutoken.wpcomstaging.com/wp-json/index.html]
[supesutoken.wpcomstaging.com/wp-includes/wlwmanifest.xml]
[s0.wp.com/i/webclip.png]
[s0.wp.com/wp-content/js/bilmur.mindd9e.js]
[supesutoken.wpcomstaging.com/category/uncategorized/index.html]
[supesutoken.wpcomstaging.com/2021/05/26/example-post-3/index.html]
[supesutoken.wpcomstaging.com/2021/05/26/example-post-2/index.html]
[supesutoken.wpcomstaging.com/2021/05/26/example-post/index.html]
[connect.livechatinc.com/api/v1/script/f4b6b8f7-4bf3-4065-a7b9-a45e625014b7/widget1ced.js]
[supesutoken.wpcomstaging.com/wp-content/plugins/jetpack/_inc/build/photon/photon.min1c52.js]
[c0.wp.com/c/5.9.3/wp-includes/js/dist/vendor/regenerator-runtime.min.js]
[supesutoken.wpcomstaging.com/Trident/index.html]
[c0.wp.com/c/5.9.3/wp-includes/js/dist/vendor/wp-polyfill.min.js]
[supesutoken.wpcomstaging.com/wp-content/plugins/contact-form-7/includes/js/index5406.js]
[supesutoken.wpcomstaging.com/wp-content/plugins/farmfactory/assets/js/web3.mincc1a.js]
[supesutoken.wpcomstaging.com/wp-content/plugins/farmfactory/assets/js/web3modal.minbb23.js]
[supesutoken.wpcomstaging.com/wp-content/plugins/farmfactory/assets/js/bignumber.min76d9.js]
[supesutoken.wpcomstaging.com/wp-content/plugins/farmfactory/assets/js/web3-provider.min7d4c.js]
[supesutoken.wpcomstaging.com/wp-content/plugins/farmfactory/assets/js/fortmatic1717.js]
[supesutoken.wpcomstaging.com/wp-content/plugins/farmfactory/lib/farmfactory9919.js]
[supesutoken.wpcomstaging.com/wp-content/plugins/farmfactory/assets/js/token-price8a54.js]
[supesutoken.wpcomstaging.com/wp-content/plugins/jetpack/_inc/build/carousel/jetpack-carousel.min1016.js]
[supesutoken.wpcomstaging.com/wp-content/themes/twentytwentyone/assets/js/polyfillsf957.js]
[supesutoken.wpcomstaging.com/wp-content/themes/twentytwentyone/assets/js/responsive-embedsf957.js]
[supesutoken.wpcomstaging.com/wp-content/plugins/jetpack/jetpack_vendor/automattic/jetpack-lazy-images/dist/intersection-observerf574.js]
[supesutoken.wpcomstaging.com/wp-content/plugins/jetpack/jetpack_vendor/automattic/jetpack-lazy-images/dist/lazy-imagesb89b.js]
[supesutoken.wpcomstaging.com/wp-content/plugins/pt-plaxer-addons/assets/js/js_composer_front.min8a54.js]
[supesutoken.wpcomstaging.com/wp-content/plugins/pt-plaxer-addons/assets/js/parallax.min.js]
[supesutoken.wpcomstaging.com/wp-content/plugins/pt-plaxer-addons/assets/js/photoswipe.min0235.js]
[supesutoken.wpcomstaging.com/wp-content/plugins/pt-plaxer-addons/assets/js/photoswipe-ui-default.min0235.js]
[c0.wp.com/c/5.9.3/wp-includes/js/imagesloaded.min.js]
[supesutoken.wpcomstaging.com/wp-content/plugins/pt-plaxer-addons/assets/js/isotope.pkgd.min7c45.js]
[supesutoken.wpcomstaging.com/wp-content/plugins/pt-plaxer-addons/assets/js/load-posts8a54.js]
[supesutoken.wpcomstaging.com/wp-content/plugins/pt-plaxer-addons/assets/js/pt-scripts8a54.js]
[supesutoken.wpcomstaging.com/index.html]
[stats.wp.com/e-202219.js]
[secure.gravatar.com/favicon.ico]
[s.gravatar.com/dist/css/style.min8d5e.css]
[s.gravatar.com/dist/css/profile.min8d5e.css]
[s.gravatar.com/dist/css/jquery.Jcrop.0.9.12.min8d5e.css]
[secure.gravatar.com/js/jcarousel/lib/jquery.jcarousel.css]
[secure.gravatar.com/js/jcarousel/skins/tango/skin.css]
[s0.wp.com/i/noticons/noticons.css]
[secure.gravatar.com/images/logo-crowdsignal.svg]
[s.gravatar.com/dist/css/homepage.min8d5e.css]
[secure.gravatar.com/index.html]
[s.w.org/index.html]
[widgets.wp.com/index.html]
[jetpack.wordpress.com/index.html]
[s0.wp.com/index.html]
[public-api.wordpress.com/index.html]
[0.gravatar.com/index.html]
[1.gravatar.com/index.html]
[2.gravatar.com/index.html]
[i0.wp.com/index.html]
[c0.wp.com/index.html]
[supesutoken.wpcomstaging.com/2021/05/26/example-post-3/feed/index.html]
[supesutoken.wpcomstaging.com/wp-content/plugins/jetpack/_inc/social-logos/social-logos.min1016.css]
[supesutoken.wpcomstaging.com/wp-json/wp/v2/posts/7.json]
[supesutoken.wpcomstaging.com/wp-json/oembed/1.0/embedaf8d.json]
[supesutoken.wpcomstaging.com/wp-json/oembed/1.0/embed0f30]
[c0.wp.com/c/5.9.3/wp-includes/js/comment-reply.min.js]
[supesutoken.wpcomstaging.com/author/dexbencrypto/index.html]
[supesutoken.wpcomstaging.com/2021/05/26/example-post-3/Trident/index.html]
[supesutoken.wpcomstaging.com/2021/05/26/example-post-3/index.html]
[supesutoken.wpcomstaging.com/wp-content/plugins/jetpack/_inc/build/likes/queuehandler.min1016.js]
[supesutoken.wpcomstaging.com/category/uncategorized/index.html]
[supesutoken.wpcomstaging.com/wp-json/wp/v2/categories/1.json]
[jetpack.wordpress.com/jetpack-comment/index7b38.html]
[supesutoken.wpcomstaging.com/category/uncategorized/feed/index.html]
[supesutoken.wpcomstaging.com/category/uncategorized/Trident/index.html]
[supesutoken.wpcomstaging.com/wp-json/wp/v2/posts/8.json]
[supesutoken.wpcomstaging.com/2021/05/26/example-post-2/feed/index.html]
[supesutoken.wpcomstaging.com/wp-json/oembed/1.0/embed3f27.json]
[supesutoken.wpcomstaging.com/2021/05/26/example-post-2/index.html]
[supesutoken.wpcomstaging.com/wp-json/oembed/1.0/embed397a]
[jetpack.wordpress.com/jetpack-comment/index27ce.html]
[supesutoken.wpcomstaging.com/wp-json/wp/v2/posts/9.json]
[supesutoken.wpcomstaging.com/2021/05/26/example-post-2/Trident/index.html]
[supesutoken.wpcomstaging.com/2021/05/26/example-post/feed/index.html]
[supesutoken.wpcomstaging.com/wp-json/oembed/1.0/embede6b7.json]
[supesutoken.wpcomstaging.com/2021/05/26/example-post/index.html]
[supesutoken.wpcomstaging.com/Trident/index.html]
[supesutoken.wpcomstaging.com/wp-json/oembed/1.0/embedb18d]
[blog.gravatar.com/feed/index.html]
[jetpack.wordpress.com/jetpack-comment/indexb1b9.html]
[fonts.googleapis.com/css32b6.css]
[supesutoken.wpcomstaging.com/2021/05/26/example-post/Trident/index.html]
[fonts.googleapis.com/css2db7d.css]
[supesutoken.wpcomstaging.com/indexc4f7.html]
[supesutoken.wpcomstaging.com/xmlrpc.php]
[supesutoken.wpcomstaging.com/author/dexbencrypto/index.html]
[supesutoken.wpcomstaging.com/2021/05/26/example-post-3/Trident/index.html]
[supesutoken.wpcomstaging.com/wp-json/wp/v2/users/206912282.json]
[supesutoken.wpcomstaging.com/author/dexbencrypto/feed/index.html]
[supesutoken.wpcomstaging.com/author/dexbencrypto/Trident/index.html]
[jetpack.wordpress.com/jetpack-comment/index7b38.html]
[supesutoken.wpcomstaging.com/category/uncategorized/Trident/index.html]
[supesutoken.wpcomstaging.com/index2df4.html]
[supesutoken.wpcomstaging.com/2021/05/26/example-post-2/Trident/index.html]
[jetpack.wordpress.com/jetpack-comment/index27ce.html]
[supesutoken.wpcomstaging.com/indexb5fb.html]
[supesutoken.wpcomstaging.com/2021/05/26/example-post/Trident/index.html]
[jetpack.wordpress.com/jetpack-comment/indexb1b9.html]
[supesutoken.wpcomstaging.com/author/dexbencrypto/Trident/index.html]
[supesutoken.wpcomstaging.com/feed/index.html]
[supesutoken.wpcomstaging.com/comments/feed/index.html]
[public-api.wordpress.com/index.html]
[c0.wp.com/index.html]
[c0.wp.com/c/5.9.3/wp-admin/css/color-picker.min.css]
[supesutoken.wpcomstaging.com/wp-content/plugins/jetpack/_inc/build/tiled-gallery/tiled-gallery/tiled-gallery.min7404.js]
[supesutoken.wpcomstaging.com/wp-json/index.html]
[supesutoken.wpcomstaging.com/wp-content/plugins/pt-plaxer-addons/assets/js/zilla-likes7404.js]
[supesutoken.wpcomstaging.com/wp-content/plugins/jetpack/modules/videopress/js/videopress-token-bridge9055.js]
[supesutoken.wpcomstaging.com/wp-content/plugins/wp-live-chat-software-for-wordpress/plugin_files/fonts/livechat-icons.eot]
[supesutoken.wpcomstaging.com/wp-includes/wlwmanifest.xml]
[s0.wp.com/i/webclip.png]
[supesutoken.wpcomstaging.com/xmlrpc0db0.php]
[supesutoken.wpcomstaging.com/wp-content/plugins/wp-live-chat-software-for-wordpress/plugin_files/fonts/livechat-icons.woff]
[c0.wp.com/c/5.9.3/wp-includes/js/dist/vendor/regenerator-runtime.min.js]
[c0.wp.com/c/5.9.3/wp-includes/js/dist/vendor/wp-polyfill.min.js]
[supesutoken.wpcomstaging.com/wp-content/plugins/jetpack/_inc/build/photon/photon.min1c52.js]
[supesutoken.wpcomstaging.com/wp-content/plugins/wp-live-chat-software-for-wordpress/plugin_files/css/livechat-icons2cb6.css]
[supesutoken.wpcomstaging.com/wp-content/plugins/wp-live-chat-software-for-wordpress/plugin_files/fonts/livechat-icons.ttf]
[supesutoken.wpcomstaging.com/wp-content/plugins/contact-form-7/includes/js/index5406.js]
[c0.wp.com/c/5.9.3/wp-includes/css/dist/block-library/style.min.css]
[supesutoken.wpcomstaging.com/wp-content/plugins/farmfactory/assets/js/bignumber.min76d9.js]
[supesutoken.wpcomstaging.com/wp-content/plugins/farmfactory/assets/js/web3modal.minbb23.js]
[supesutoken.wpcomstaging.com/wp-content/plugins/farmfactory/assets/js/fortmatic1717.js]
[supesutoken.wpcomstaging.com/wp-content/plugins/farmfactory/assets/js/web3-provider.min7d4c.js]
[c0.wp.com/c/5.9.3/wp-includes/js/mediaelement/mediaelementplayer-legacy.min.css]
[c0.wp.com/c/5.9.3/wp-includes/js/mediaelement/mejs-controls.svg]
[supesutoken.wpcomstaging.com/wp-content/plugins/farmfactory/lib/farmfactory9919.js]
[c0.wp.com/c/5.9.3/wp-includes/js/mediaelement/wp-mediaelement.min.css]
[supesutoken.wpcomstaging.com/wp-content/plugins/jetpack/_inc/build/carousel/jetpack-carousel.min1016.js]
[supesutoken.wpcomstaging.com/wp-content/plugins/contact-form-7/includes/css/styles5406.css]
[supesutoken.wpcomstaging.com/wp-content/plugins/farmfactory/assets/js/web3.mincc1a.js]
[supesutoken.wpcomstaging.com/wp-content/plugins/farmfactory/assets/css/farmfactory9919.css]
[supesutoken.wpcomstaging.com/wp-content/plugins/jetpack/jetpack_vendor/automattic/jetpack-lazy-images/dist/intersection-observerf574.js]
[supesutoken.wpcomstaging.com/wp-content/themes/twentytwentyone/stylef957.css]
[supesutoken.wpcomstaging.com/wp-content/plugins/jetpack/jetpack_vendor/automattic/jetpack-lazy-images/dist/lazy-imagesb89b.js]
[supesutoken.wpcomstaging.com/wp-content/themes/twentytwentyone/assets/css/printf957.css]
[supesutoken.wpcomstaging.com/wp-content/plugins/pt-plaxer-addons/assets/js/js_composer_front.min8a54.js]
[supesutoken.wpcomstaging.com/wp-content/plugins/jetpack/modules/theme-tools/compat/twentytwentyone1016.css]
[supesutoken.wpcomstaging.com/wp-content/plugins/pt-plaxer-addons/assets/js/parallax.min.js]
[supesutoken.wpcomstaging.com/wp-content/themes/twentytwentyone/inc/style-wpcomf957.css]
[supesutoken.wpcomstaging.com/wp-content/plugins/pt-plaxer-addons/assets/js/photoswipe.min0235.js]
[supesutoken.wpcomstaging.com/wp-content/plugins/farmfactory/assets/js/token-price8a54.js]
[supesutoken.wpcomstaging.com/wp-content/themes/twentytwentyone/assets/js/polyfillsf957.js]
[supesutoken.wpcomstaging.com/wp-content/themes/twentytwentyone/assets/js/responsive-embedsf957.js]
[c0.wp.com/c/5.9.3/wp-includes/js/imagesloaded.min.js]
[supesutoken.wpcomstaging.com/wp-content/plugins/pt-plaxer-addons/assets/js/photoswipe-ui-default.min0235.js]
[supesutoken.wpcomstaging.com/wp-content/plugins/elementor/assets/lib/font-awesome/fonts/fontawesome-webfont3e6e.eot]
[supesutoken.wpcomstaging.com/wp-content/plugins/pt-plaxer-addons/assets/js/isotope.pkgd.min7c45.js]
[supesutoken.wpcomstaging.com/wp-content/plugins/pt-plaxer-addons/assets/js/pt-scripts8a54.js]
[supesutoken.wpcomstaging.com/wp-content/plugins/elementor/assets/lib/font-awesome/fonts/fontawesome-webfontd41d.eot]
[supesutoken.wpcomstaging.com/wp-content/plugins/pt-plaxer-addons/assets/js/load-posts8a54.js]
[supesutoken.wpcomstaging.com/wp-content/plugins/elementor/assets/lib/font-awesome/fonts/fontawesome-webfont3e6e.woff2]
[supesutoken.wpcomstaging.com/2021/05/26/example-post-3/feed/index.html]
[supesutoken.wpcomstaging.com/wp-json/wp/v2/posts/7.json]
[supesutoken.wpcomstaging.com/wp-json/oembed/1.0/embedaf8d.json]
[supesutoken.wpcomstaging.com/wp-content/plugins/elementor/assets/lib/font-awesome/fonts/fontawesome-webfont3e6e.woff]
[supesutoken.wpcomstaging.com/wp-content/plugins/jetpack/_inc/build/likes/queuehandler.min1016.js]
[c0.wp.com/c/5.9.3/wp-includes/js/comment-reply.min.js]
[supesutoken.wpcomstaging.com/wp-json/oembed/1.0/embed0f30]
[supesutoken.wpcomstaging.com/wp-content/plugins/elementor/assets/lib/font-awesome/fonts/fontawesome-webfont3e6e.ttf]
[supesutoken.wpcomstaging.com/category/uncategorized/feed/index.html]
[supesutoken.wpcomstaging.com/wp-json/wp/v2/categories/1.json]
[supesutoken.wpcomstaging.com/2021/05/26/example-post-2/feed/index.html]
[supesutoken.wpcomstaging.com/wp-content/plugins/elementor/assets/lib/font-awesome/css/font-awesome.min1849.css]
[supesutoken.wpcomstaging.com/wp-json/wp/v2/posts/8.json]
[supesutoken.wpcomstaging.com/wp-json/oembed/1.0/embed3f27.json]
[supesutoken.wpcomstaging.com/2021/05/26/example-post/feed/index.html]
[supesutoken.wpcomstaging.com/wp-content/plugins/pt-plaxer-addons/assets/css/swiper268f.css]
[supesutoken.wpcomstaging.com/wp-json/oembed/1.0/embed397a]
[supesutoken.wpcomstaging.com/wp-json/wp/v2/posts/9.json]
[supesutoken.wpcomstaging.com/wp-content/plugins/elementor/assets/lib/font-awesome/fonts/fontawesome-webfont3e6e.svg]
[supesutoken.wpcomstaging.com/wp-content/plugins/pt-plaxer-addons/assets/imgs/default-skin.png]
[supesutoken.wpcomstaging.com/wp-json/oembed/1.0/embedb18d]
[supesutoken.wpcomstaging.com/author/dexbencrypto/feed/index.html]
[supesutoken.wpcomstaging.com/wp-json/oembed/1.0/embede6b7.json]
[supesutoken.wpcomstaging.com/wp-json/wp/v2/users/206912282.json]
[supesutoken.wpcomstaging.com/wp-content/plugins/pt-plaxer-addons/assets/imgs/default-skin.svg]
[supesutoken.wpcomstaging.com/wp-content/plugins/wp-live-chat-software-for-wordpress/plugin_files/fonts/livechat-icons.eot]
[supesutoken.wpcomstaging.com/wp-content/plugins/wp-live-chat-software-for-wordpress/plugin_files/fonts/livechat-icons.ttf]
[supesutoken.wpcomstaging.com/wp-content/plugins/elementor/assets/lib/font-awesome/fonts/fontawesome-webfont3e6e.eot]
[supesutoken.wpcomstaging.com/wp-content/plugins/pt-plaxer-addons/assets/imgs/preloader.gif]
[supesutoken.wpcomstaging.com/wp-content/plugins/pt-plaxer-addons/assets/css/photoswipe.css]
[supesutoken.wpcomstaging.com/wp-content/plugins/elementor/assets/lib/font-awesome/fonts/fontawesome-webfontd41d.eot]
[supesutoken.wpcomstaging.com/wp-content/plugins/elementor/assets/lib/font-awesome/fonts/fontawesome-webfont3e6e.ttf]
[supesutoken.wpcomstaging.com/wp-content/plugins/elementor/assets/lib/font-awesome/fonts/fontawesome-webfont3e6e.woff2]
[supesutoken.wpcomstaging.com/wp-content/plugins/elementor/assets/lib/font-awesome/fonts/fontawesome-webfont3e6e.woff]
[supesutoken.wpcomstaging.com/wp-content/plugins/pt-plaxer-addons/assets/imgs/mask-in-circle-right.svg]
[supesutoken.wpcomstaging.com/wp-content/plugins/pt-plaxer-addons/assets/imgs/mask-in-circle-left.svg]
[supesutoken.wpcomstaging.com/wp-content/plugins/pt-plaxer-addons/assets/css/pt-addons7404.css]
[supesutoken.wpcomstaging.com/wp-content/plugins/jetpack/modules/shortcodes/img/slideshow-controls.png]
[supesutoken.wpcomstaging.com/wp-content/plugins/jetpack/modules/shortcodes/img/slideshow-controls-2x.png]
[supesutoken.wpcomstaging.com/wp-content/plugins/jetpack/modules/shortcodes/images/slide-nav.png]
[supesutoken.wpcomstaging.com/wp-content/plugins/jetpack/modules/shortcodes/images/expand.png]
[supesutoken.wpcomstaging.com/wp-content/plugins/jetpack/modules/shortcodes/images/collapse.png]
[secure.gravatar.com/images/grav-share-sprite.png]
[supesutoken.wpcomstaging.com/wp-content/plugins/jetpack/css/jetpack1016.css]
[supesutoken.wpcomstaging.com/2021/05/26/example-post-3/index.html]
[s.gravatar.com/dist/css/style.min8d5e.css]
[s.gravatar.com/dist/css/profile.min8d5e.css]
[s.gravatar.com/dist/css/jquery.Jcrop.0.9.12.min8d5e.css]
[secure.gravatar.com/js/jcarousel/lib/jquery.jcarousel.css]
[secure.gravatar.com/js/jcarousel/skins/tango/skin.css]
[blog.gravatar.com/feed/index.html]
[s0.wp.com/i/noticons/noticons.css]
[s.gravatar.com/dist/css/homepage.min8d5e.css]
[secure.gravatar.com/images/logo-crowdsignal.svg]
[supesutoken.wpcomstaging.com/wp-content/plugins/jetpack/_inc/social-logos/social-logosc8bb.eot]
[supesutoken.wpcomstaging.com/wp-content/plugins/jetpack/_inc/social-logos/social-logos.min1016.css]
[supesutoken.wpcomstaging.com/indexc4f7.html]
[supesutoken.wpcomstaging.com/wp-content/plugins/jetpack/_inc/social-logos/social-logosc8bb.ttf]
[supesutoken.wpcomstaging.com/xmlrpc.php]
[supesutoken.wpcomstaging.com/category/uncategorized/Trident/index.html]
[supesutoken.wpcomstaging.com/index2df4.html]
[supesutoken.wpcomstaging.com/2021/05/26/example-post-2/Trident/index.html]
[supesutoken.wpcomstaging.com/indexb5fb.html]
[supesutoken.wpcomstaging.com/2021/05/26/example-post/Trident/index.html]
[supesutoken.wpcomstaging.com/author/dexbencrypto/Trident/index.html]
[c0.wp.com/c/5.9.3/wp-includes/js/mediaelement/mejs-controls.svg]
[supesutoken.wpcomstaging.com/wp-content/plugins/elementor/assets/lib/font-awesome/fonts/fontawesome-webfont3e6e.svg]
[supesutoken.wpcomstaging.com/wp-content/plugins/pt-plaxer-addons/assets/imgs/default-skin.svg]
[supesutoken.wpcomstaging.com/wp-content/plugins/pt-plaxer-addons/assets/imgs/preloader.html]
[supesutoken.wpcomstaging.com/wp-content/plugins/pt-plaxer-addons/assets/imgs/mask-in-circle-right.html]
[supesutoken.wpcomstaging.com/wp-content/plugins/pt-plaxer-addons/assets/imgs/mask-in-circle-left.html]
